                                 Started job on |	Mar 20 21:47:13
                             Started mapping on |	Mar 20 21:47:21
                                    Finished on |	Mar 20 21:50:09
       Mapping speed, Million of reads per hour |	640.97

                          Number of input reads |	29911786
                      Average input read length |	70
                                    UNIQUE READS:
                   Uniquely mapped reads number |	26893945
                        Uniquely mapped reads % |	89.91%
                          Average mapped length |	70.23
                       Number of splices: Total |	5434603
            Number of splices: Annotated (sjdb) |	5376997
                       Number of splices: GT/AG |	5383702
                       Number of splices: GC/AG |	41236
                       Number of splices: AT/AC |	4560
               Number of splices: Non-canonical |	5105
                      Mismatch rate per base, % |	0.12%
                         Deletion rate per base |	0.01%
                        Deletion average length |	1.76
                        Insertion rate per base |	0.00%
                       Insertion average length |	1.25
                             MULTI-MAPPING READS:
        Number of reads mapped to multiple loci |	2389618
             % of reads mapped to multiple loci |	7.99%
        Number of reads mapped to too many loci |	464739
             % of reads mapped to too many loci |	1.55%
                                  UNMAPPED READS:
  Number of reads unmapped: too many mismatches |	0
       % of reads unmapped: too many mismatches |	0.00%
            Number of reads unmapped: too short |	118512
                 % of reads unmapped: too short |	0.40%
                Number of reads unmapped: other |	44972
                     % of reads unmapped: other |	0.15%
                                  CHIMERIC READS:
                       Number of chimeric reads |	0
                            % of chimeric reads |	0.00%
