                                 Started job on |	Mar 20 21:53:15
                             Started mapping on |	Mar 20 21:53:23
                                    Finished on |	Mar 20 21:55:35
       Mapping speed, Million of reads per hour |	711.68

                          Number of input reads |	26095036
                      Average input read length |	70
                                    UNIQUE READS:
                   Uniquely mapped reads number |	23621379
                        Uniquely mapped reads % |	90.52%
                          Average mapped length |	70.19
                       Number of splices: Total |	4756600
            Number of splices: Annotated (sjdb) |	4705005
                       Number of splices: GT/AG |	4712238
                       Number of splices: GC/AG |	35517
                       Number of splices: AT/AC |	4138
               Number of splices: Non-canonical |	4707
                      Mismatch rate per base, % |	0.12%
                         Deletion rate per base |	0.01%
                        Deletion average length |	1.72
                        Insertion rate per base |	0.00%
                       Insertion average length |	1.23
                             MULTI-MAPPING READS:
        Number of reads mapped to multiple loci |	2013393
             % of reads mapped to multiple loci |	7.72%
        Number of reads mapped to too many loci |	322477
             % of reads mapped to too many loci |	1.24%
                                  UNMAPPED READS:
  Number of reads unmapped: too many mismatches |	0
       % of reads unmapped: too many mismatches |	0.00%
            Number of reads unmapped: too short |	100626
                 % of reads unmapped: too short |	0.39%
                Number of reads unmapped: other |	37161
                     % of reads unmapped: other |	0.14%
                                  CHIMERIC READS:
                       Number of chimeric reads |	0
                            % of chimeric reads |	0.00%
