                                 Started job on |	Mar 20 21:44:43
                             Started mapping on |	Mar 20 21:44:50
                                    Finished on |	Mar 20 21:47:09
       Mapping speed, Million of reads per hour |	783.34

                          Number of input reads |	30245730
                      Average input read length |	70
                                    UNIQUE READS:
                   Uniquely mapped reads number |	27567448
                        Uniquely mapped reads % |	91.14%
                          Average mapped length |	70.22
                       Number of splices: Total |	5557229
            Number of splices: Annotated (sjdb) |	5497750
                       Number of splices: GT/AG |	5506021
                       Number of splices: GC/AG |	41432
                       Number of splices: AT/AC |	4540
               Number of splices: Non-canonical |	5236
                      Mismatch rate per base, % |	0.11%
                         Deletion rate per base |	0.01%
                        Deletion average length |	1.65
                        Insertion rate per base |	0.00%
                       Insertion average length |	1.26
                             MULTI-MAPPING READS:
        Number of reads mapped to multiple loci |	2185175
             % of reads mapped to multiple loci |	7.22%
        Number of reads mapped to too many loci |	350574
             % of reads mapped to too many loci |	1.16%
                                  UNMAPPED READS:
  Number of reads unmapped: too many mismatches |	0
       % of reads unmapped: too many mismatches |	0.00%
            Number of reads unmapped: too short |	105222
                 % of reads unmapped: too short |	0.35%
                Number of reads unmapped: other |	37311
                     % of reads unmapped: other |	0.12%
                                  CHIMERIC READS:
                       Number of chimeric reads |	0
                            % of chimeric reads |	0.00%
