                                 Started job on |	Mar 20 21:50:13
                             Started mapping on |	Mar 20 21:50:21
                                    Finished on |	Mar 20 21:53:12
       Mapping speed, Million of reads per hour |	547.97

                          Number of input reads |	26028572
                      Average input read length |	70
                                    UNIQUE READS:
                   Uniquely mapped reads number |	23624921
                        Uniquely mapped reads % |	90.77%
                          Average mapped length |	70.24
                       Number of splices: Total |	4756675
            Number of splices: Annotated (sjdb) |	4707276
                       Number of splices: GT/AG |	4712799
                       Number of splices: GC/AG |	35531
                       Number of splices: AT/AC |	4078
               Number of splices: Non-canonical |	4267
                      Mismatch rate per base, % |	0.12%
                         Deletion rate per base |	0.01%
                        Deletion average length |	1.65
                        Insertion rate per base |	0.00%
                       Insertion average length |	1.24
                             MULTI-MAPPING READS:
        Number of reads mapped to multiple loci |	1961723
             % of reads mapped to multiple loci |	7.54%
        Number of reads mapped to too many loci |	317168
             % of reads mapped to too many loci |	1.22%
                                  UNMAPPED READS:
  Number of reads unmapped: too many mismatches |	0
       % of reads unmapped: too many mismatches |	0.00%
            Number of reads unmapped: too short |	89008
                 % of reads unmapped: too short |	0.34%
                Number of reads unmapped: other |	35752
                     % of reads unmapped: other |	0.14%
                                  CHIMERIC READS:
                       Number of chimeric reads |	0
                            % of chimeric reads |	0.00%
