                                 Started job on |	Mar 20 22:02:39
                             Started mapping on |	Mar 20 22:02:52
                                    Finished on |	Mar 20 22:05:09
       Mapping speed, Million of reads per hour |	773.87

                          Number of input reads |	29450089
                      Average input read length |	70
                                    UNIQUE READS:
                   Uniquely mapped reads number |	26625082
                        Uniquely mapped reads % |	90.41%
                          Average mapped length |	70.22
                       Number of splices: Total |	5312879
            Number of splices: Annotated (sjdb) |	5255865
                       Number of splices: GT/AG |	5262974
                       Number of splices: GC/AG |	39915
                       Number of splices: AT/AC |	4661
               Number of splices: Non-canonical |	5329
                      Mismatch rate per base, % |	0.12%
                         Deletion rate per base |	0.01%
                        Deletion average length |	1.75
                        Insertion rate per base |	0.00%
                       Insertion average length |	1.24
                             MULTI-MAPPING READS:
        Number of reads mapped to multiple loci |	2315968
             % of reads mapped to multiple loci |	7.86%
        Number of reads mapped to too many loci |	347801
             % of reads mapped to too many loci |	1.18%
                                  UNMAPPED READS:
  Number of reads unmapped: too many mismatches |	0
       % of reads unmapped: too many mismatches |	0.00%
            Number of reads unmapped: too short |	123932
                 % of reads unmapped: too short |	0.42%
                Number of reads unmapped: other |	37306
                     % of reads unmapped: other |	0.13%
                                  CHIMERIC READS:
                       Number of chimeric reads |	0
                            % of chimeric reads |	0.00%
