                                 Started job on |	Mar 20 21:58:11
                             Started mapping on |	Mar 20 21:58:19
                                    Finished on |	Mar 20 22:00:24
       Mapping speed, Million of reads per hour |	798.23

                          Number of input reads |	27716484
                      Average input read length |	70
                                    UNIQUE READS:
                   Uniquely mapped reads number |	24987752
                        Uniquely mapped reads % |	90.15%
                          Average mapped length |	70.25
                       Number of splices: Total |	5126718
            Number of splices: Annotated (sjdb) |	5071718
                       Number of splices: GT/AG |	5078830
                       Number of splices: GC/AG |	38628
                       Number of splices: AT/AC |	4330
               Number of splices: Non-canonical |	4930
                      Mismatch rate per base, % |	0.12%
                         Deletion rate per base |	0.01%
                        Deletion average length |	1.70
                        Insertion rate per base |	0.00%
                       Insertion average length |	1.25
                             MULTI-MAPPING READS:
        Number of reads mapped to multiple loci |	2165072
             % of reads mapped to multiple loci |	7.81%
        Number of reads mapped to too many loci |	419112
             % of reads mapped to too many loci |	1.51%
                                  UNMAPPED READS:
  Number of reads unmapped: too many mismatches |	0
       % of reads unmapped: too many mismatches |	0.00%
            Number of reads unmapped: too short |	108176
                 % of reads unmapped: too short |	0.39%
                Number of reads unmapped: other |	36372
                     % of reads unmapped: other |	0.13%
                                  CHIMERIC READS:
                       Number of chimeric reads |	0
                            % of chimeric reads |	0.00%
