                                 Started job on |	Mar 20 21:39:49
                             Started mapping on |	Mar 20 21:39:59
                                    Finished on |	Mar 20 21:42:08
       Mapping speed, Million of reads per hour |	768.94

                          Number of input reads |	27553572
                      Average input read length |	70
                                    UNIQUE READS:
                   Uniquely mapped reads number |	24840617
                        Uniquely mapped reads % |	90.15%
                          Average mapped length |	70.20
                       Number of splices: Total |	5011579
            Number of splices: Annotated (sjdb) |	4957224
                       Number of splices: GT/AG |	4963950
                       Number of splices: GC/AG |	38574
                       Number of splices: AT/AC |	4294
               Number of splices: Non-canonical |	4761
                      Mismatch rate per base, % |	0.12%
                         Deletion rate per base |	0.01%
                        Deletion average length |	1.76
                        Insertion rate per base |	0.00%
                       Insertion average length |	1.26
                             MULTI-MAPPING READS:
        Number of reads mapped to multiple loci |	2184201
             % of reads mapped to multiple loci |	7.93%
        Number of reads mapped to too many loci |	375885
             % of reads mapped to too many loci |	1.36%
                                  UNMAPPED READS:
  Number of reads unmapped: too many mismatches |	0
       % of reads unmapped: too many mismatches |	0.00%
            Number of reads unmapped: too short |	112962
                 % of reads unmapped: too short |	0.41%
                Number of reads unmapped: other |	39907
                     % of reads unmapped: other |	0.14%
                                  CHIMERIC READS:
                       Number of chimeric reads |	0
                            % of chimeric reads |	0.00%
