                                 Started job on |	Mar 20 22:05:12
                             Started mapping on |	Mar 20 22:05:19
                                    Finished on |	Mar 20 22:07:26
       Mapping speed, Million of reads per hour |	804.75

                          Number of input reads |	28389700
                      Average input read length |	70
                                    UNIQUE READS:
                   Uniquely mapped reads number |	25736016
                        Uniquely mapped reads % |	90.65%
                          Average mapped length |	70.25
                       Number of splices: Total |	5059925
            Number of splices: Annotated (sjdb) |	5005010
                       Number of splices: GT/AG |	5011252
                       Number of splices: GC/AG |	39401
                       Number of splices: AT/AC |	4161
               Number of splices: Non-canonical |	5111
                      Mismatch rate per base, % |	0.12%
                         Deletion rate per base |	0.01%
                        Deletion average length |	1.83
                        Insertion rate per base |	0.00%
                       Insertion average length |	1.27
                             MULTI-MAPPING READS:
        Number of reads mapped to multiple loci |	2194731
             % of reads mapped to multiple loci |	7.73%
        Number of reads mapped to too many loci |	289208
             % of reads mapped to too many loci |	1.02%
                                  UNMAPPED READS:
  Number of reads unmapped: too many mismatches |	0
       % of reads unmapped: too many mismatches |	0.00%
            Number of reads unmapped: too short |	133332
                 % of reads unmapped: too short |	0.47%
                Number of reads unmapped: other |	36413
                     % of reads unmapped: other |	0.13%
                                  CHIMERIC READS:
                       Number of chimeric reads |	0
                            % of chimeric reads |	0.00%
